<html>
<body>
<pre>
<h1>µVision Build Log</h1>
<h2>Tool Versions:</h2>
IDE-Version: ¦ÌVision V5.26.2.0
Copyright (C) 2018 ARM Ltd and ARM Germany GmbH. All rights reserved.
License Information: zliqiang zliqiang, aaa, LIC=47GU5-GIYUT-56MQ2-95GZJ-VKYDI-5RB50
 
Tool Versions:
Toolchain:       MDK-ARM Plus  Version: 5.26.2.0
Toolchain Path:  C:\Keil_v5\ARM\ARMCC\Bin
C Compiler:      Armcc.exe V5.06 update 6 (build 750)
Assembler:       Armasm.exe V5.06 update 6 (build 750)
Linker/Locator:  ArmLink.exe V5.06 update 6 (build 750)
Library Manager: ArmAr.exe V5.06 update 6 (build 750)
Hex Converter:   FromElf.exe V5.06 update 6 (build 750)
CPU DLL:         SARMCM3.DLL V5.26.2.0
Dialog DLL:      DCM.DLL V1.17.2.0
Target DLL:      STLink\ST-LINKIII-KEIL_SWO.dll V3.0.5.0
Dialog DLL:      TCM.DLL V1.36.1.0
 
<h2>Project:</h2>
D:\GitHub\Navigation_Board\Firmware\USER\FATFS.uvprojx
Project File Date:  12/16/2024

<h2>Output:</h2>
*** Using Compiler 'V5.06 update 6 (build 750)', folder: 'C:\Keil_v5\ARM\ARMCC\Bin'
Build target 'FATFS'
assembling startup_stm32f767xx.s...
compiling stm32f7xx_hal_gpio.c...
compiling stm32f7xx_hal_dma.c...
compiling stm32f7xx_hal_pwr.c...
compiling stm32f7xx_it.c...
compiling stm32f7xx_hal_cortex.c...
compiling system_stm32f7xx.c...
compiling stm32f7xx_hal_pwr_ex.c...
compiling stm32f7xx_hal_rcc.c...
compiling stm32f7xx_hal.c...
compiling stm32f7xx_hal_dma_ex.c...
compiling main.c...
..\SYSTEM\usart\usart.h(121): warning:  #1295-D: Deprecated declaration read_imu1 - give arg types
  void read_imu1();
..\SYSTEM\usart\usart.h(122): warning:  #1295-D: Deprecated declaration read_imu - give arg types
  void read_imu();
..\SYSTEM\usart\usart.h(123): warning:  #1295-D: Deprecated declaration imu_error_handle - give arg types
  void imu_error_handle();
..\Navigation\GNSS\gnss.h(426): warning:  #1295-D: Deprecated declaration read_gnss - give arg types
  void read_gnss();
..\Navigation\IMU\imu.h(198): warning:  #1295-D: Deprecated declaration imu_reset - give arg types
  void imu_reset();
..\Navigation\CALCULATE\calculate.h(23): warning:  #1295-D: Deprecated declaration gnss_imu_cal - give arg types
  void gnss_imu_cal();
..\Navigation\CALCULATE\calculate.h(25): warning:  #1-D: last line of file ends without a newline
  #endif
main.c(38): warning:  #1295-D: Deprecated declaration data_file_num_init - give arg types
  uint32_t data_file_num_init();
main.c(39): warning:  #1295-D: Deprecated declaration read_station - give arg types
  void read_station();
main.c(40): warning:  #1295-D: Deprecated declaration ble_start - give arg types
  void ble_start();
main.c(105): warning:  #223-D: function "read_pressure" declared implicitly
  		read_pressure();
main.c(118): warning:  #167-D: argument of type "char *" is incompatible with parameter of type "uint8_t *"
  				HAL_UART_Transmit(&UART3_Handler,rx_buff_4g,100,1000);
main.c(51): warning:  #177-D: variable "imu_data_temp"  was declared but never referenced
  	char imu_data_temp[80];
main.c(53): warning:  #177-D: variable "debug_buff"  was declared but never referenced
  	u8 debug_buff[20];
main.c(55): warning:  #177-D: variable "imu_data_write2"  was declared but never referenced
  	char imu_data_write2[60];//160
main.c(91): warning:  #177-D: variable "write1_size"  was declared but never referenced
  	int write1_size=0;
main.c(95): warning:  #177-D: variable "test_val"  was declared but never referenced
  	u8 test_val;
main.c(210): warning:  #167-D: argument of type "u8 *" is incompatible with parameter of type "char *restrict"
  		sprintf(write_str,"imu_data_num:%d",write_num);
main.c(217): warning:  #167-D: argument of type "u8 *" is incompatible with parameter of type "char *restrict"
  		sprintf(write_str,"imu_data_num:%d",0);
main.c: 19 warnings, 0 errors
compiling stm32f7xx_hal_ltdc.c...
compiling stm32f7xx_hal_usart.c...
compiling stm32f7xx_hal_sram.c...
compiling stm32f7xx_hal_tim_ex.c...
compiling stm32f7xx_hal_ltdc_ex.c...
compiling stm32f7xx_hal_sdram.c...
compiling stm32f7xx_ll_fmc.c...
compiling stm32f7xx_ll_sdmmc.c...
compiling stm32f7xx_hal_tim.c...
compiling stm32f7xx_hal_rcc_ex.c...
compiling stm32f7xx_hal_uart.c...
compiling delay.c...
compiling sys.c...
compiling stm32f7xx_hal_nand.c...
compiling stm32f7xx_hal_qspi.c...
compiling stm32f7xx_hal_sd.c...
compiling ltdc.c...
compiling sdram.c...
compiling lcd.c...
..\SYSTEM\usart\usart.h(121): warning:  #1295-D: Deprecated declaration read_imu1 - give arg types
  void read_imu1();
..\SYSTEM\usart\usart.h(122): warning:  #1295-D: Deprecated declaration read_imu - give arg types
  void read_imu();
..\SYSTEM\usart\usart.h(123): warning:  #1295-D: Deprecated declaration imu_error_handle - give arg types
  void imu_error_handle();
..\HARDWARE\LCD\lcd.c: 3 warnings, 0 errors
compiling ftl.c...
..\SYSTEM\usart\usart.h(121): warning:  #1295-D: Deprecated declaration read_imu1 - give arg types
  void read_imu1();
..\SYSTEM\usart\usart.h(122): warning:  #1295-D: Deprecated declaration read_imu - give arg types
  void read_imu();
..\SYSTEM\usart\usart.h(123): warning:  #1295-D: Deprecated declaration imu_error_handle - give arg types
  void imu_error_handle();
..\HARDWARE\NAND\ftl.c: 3 warnings, 0 errors
compiling nand.c...
compiling usart.c...
..\SYSTEM\usart\usart.h(121): warning:  #1295-D: Deprecated declaration read_imu1 - give arg types
  void read_imu1();
..\SYSTEM\usart\usart.h(122): warning:  #1295-D: Deprecated declaration read_imu - give arg types
  void read_imu();
..\SYSTEM\usart\usart.h(123): warning:  #1295-D: Deprecated declaration imu_error_handle - give arg types
  void imu_error_handle();
..\Navigation\IMU\imu.h(198): warning:  #1295-D: Deprecated declaration imu_reset - give arg types
  void imu_reset();
..\SYSTEM\usart\usart.c: 4 warnings, 0 errors
compiling w25qxx.c...
..\SYSTEM\usart\usart.h(121): warning:  #1295-D: Deprecated declaration read_imu1 - give arg types
  void read_imu1();
..\SYSTEM\usart\usart.h(122): warning:  #1295-D: Deprecated declaration read_imu - give arg types
  void read_imu();
..\SYSTEM\usart\usart.h(123): warning:  #1295-D: Deprecated declaration imu_error_handle - give arg types
  void imu_error_handle();
..\HARDWARE\W25QXX\w25qxx.c: 3 warnings, 0 errors
compiling qspi.c...
compiling nandtester.c...
..\SYSTEM\usart\usart.h(121): warning:  #1295-D: Deprecated declaration read_imu1 - give arg types
  void read_imu1();
..\SYSTEM\usart\usart.h(122): warning:  #1295-D: Deprecated declaration read_imu - give arg types
  void read_imu();
..\SYSTEM\usart\usart.h(123): warning:  #1295-D: Deprecated declaration imu_error_handle - give arg types
  void imu_error_handle();
..\HARDWARE\NAND\nandtester.c: 3 warnings, 0 errors
compiling sdmmc_sdcard.c...
..\HARDWARE\SDMMC\sdmmc_sdcard.c(29): warning:  #177-D: variable "SD_Error"  was declared but never referenced
      u8 SD_Error;
..\HARDWARE\SDMMC\sdmmc_sdcard.c: 1 warning, 0 errors
compiling ctiic.c...
compiling mpu.c...
compiling gt9271.c...
..\SYSTEM\usart\usart.h(121): warning:  #1295-D: Deprecated declaration read_imu1 - give arg types
  void read_imu1();
..\SYSTEM\usart\usart.h(122): warning:  #1295-D: Deprecated declaration read_imu - give arg types
  void read_imu();
..\SYSTEM\usart\usart.h(123): warning:  #1295-D: Deprecated declaration imu_error_handle - give arg types
  void imu_error_handle();
..\HARDWARE\TOUCH\gt9271.c: 3 warnings, 0 errors
compiling ft5206.c...
..\SYSTEM\usart\usart.h(121): warning:  #1295-D: Deprecated declaration read_imu1 - give arg types
  void read_imu1();
..\SYSTEM\usart\usart.h(122): warning:  #1295-D: Deprecated declaration read_imu - give arg types
  void read_imu();
..\SYSTEM\usart\usart.h(123): warning:  #1295-D: Deprecated declaration imu_error_handle - give arg types
  void imu_error_handle();
..\HARDWARE\TOUCH\ft5206.c: 3 warnings, 0 errors
compiling gt9147.c...
..\SYSTEM\usart\usart.h(121): warning:  #1295-D: Deprecated declaration read_imu1 - give arg types
  void read_imu1();
..\SYSTEM\usart\usart.h(122): warning:  #1295-D: Deprecated declaration read_imu - give arg types
  void read_imu();
..\SYSTEM\usart\usart.h(123): warning:  #1295-D: Deprecated declaration imu_error_handle - give arg types
  void imu_error_handle();
..\HARDWARE\TOUCH\gt9147.c: 3 warnings, 0 errors
compiling ott2001a.c...
..\SYSTEM\usart\usart.h(121): warning:  #1295-D: Deprecated declaration read_imu1 - give arg types
  void read_imu1();
..\SYSTEM\usart\usart.h(122): warning:  #1295-D: Deprecated declaration read_imu - give arg types
  void read_imu();
..\SYSTEM\usart\usart.h(123): warning:  #1295-D: Deprecated declaration imu_error_handle - give arg types
  void imu_error_handle();
..\HARDWARE\TOUCH\ott2001a.c: 3 warnings, 0 errors
compiling timer.c...
..\SYSTEM\usart\usart.h(121): warning:  #1295-D: Deprecated declaration read_imu1 - give arg types
  void read_imu1();
..\SYSTEM\usart\usart.h(122): warning:  #1295-D: Deprecated declaration read_imu - give arg types
  void read_imu();
..\SYSTEM\usart\usart.h(123): warning:  #1295-D: Deprecated declaration imu_error_handle - give arg types
  void imu_error_handle();
..\Navigation\IMU\imu.h(198): warning:  #1295-D: Deprecated declaration imu_reset - give arg types
  void imu_reset();
..\HARDWARE\TIMER\timer.c(131): warning:  #1035-D: single-precision operand implicitly converted to double-precision
  					time_write =time_write+ 0.001 ;
..\HARDWARE\TIMER\timer.c(133): warning:  #1035-D: single-precision operand implicitly converted to double-precision
  					time_write =time_write+ 0.001;
..\HARDWARE\TIMER\timer.c: 6 warnings, 0 errors
compiling cc936.c...
compiling lv_disp.c...
compiling lv_group.c...
compiling ff.c...
compiling lv_indev.c...
compiling lv_refr.c...
compiling lv_style.c...
compiling lv_obj.c...
compiling lv_draw.c...
compiling lv_draw_arc.c...
compiling lv_draw_basic.c...
compiling lv_draw_label.c...
compiling lv_draw_img.c...
compiling lv_draw_line.c...
compiling lv_draw_triangle.c...
compiling lv_img_cache.c...
compiling lv_draw_rect.c...
compiling lv_img_decoder.c...
compiling lv_font.c...
compiling lv_font_fmt_txt.c...
compiling lv_font_roboto_12.c...
compiling lv_font_roboto_16.c...
compiling lv_font_roboto_22.c...
compiling 24cxx.c...
compiling lv_font_roboto_28.c...
compiling lv_hal_disp.c...
compiling lv_font_unscii_8.c...
compiling malloc.c...
compiling lv_hal_indev.c...
compiling myiic.c...
compiling lv_hal_tick.c...
compiling lv_anim.c...
compiling lv_area.c...
compiling lv_async.c...
compiling gpios.c...
..\SYSTEM\usart\usart.h(121): warning:  #1295-D: Deprecated declaration read_imu1 - give arg types
  void read_imu1();
..\SYSTEM\usart\usart.h(122): warning:  #1295-D: Deprecated declaration read_imu - give arg types
  void read_imu();
..\SYSTEM\usart\usart.h(123): warning:  #1295-D: Deprecated declaration imu_error_handle - give arg types
  void imu_error_handle();
..\Navigation\GNSS\gnss.h(426): warning:  #1295-D: Deprecated declaration read_gnss - give arg types
  void read_gnss();
..\HARDWARE\GPIO\gpios.c(119): warning:  #177-D: variable "led0sta"  was declared but never referenced
      static u8 led0sta=1,led1sta=1;
..\HARDWARE\GPIO\gpios.c(119): warning:  #177-D: variable "led1sta"  was declared but never referenced
      static u8 led0sta=1,led1sta=1;
..\HARDWARE\GPIO\gpios.c: 6 warnings, 0 errors
compiling lv_circ.c...
compiling lv_color.c...
compiling lv_fs.c...
compiling diskio.c...
compiling fattester.c...
..\SYSTEM\usart\usart.h(121): warning:  #1295-D: Deprecated declaration read_imu1 - give arg types
  void read_imu1();
..\SYSTEM\usart\usart.h(122): warning:  #1295-D: Deprecated declaration read_imu - give arg types
  void read_imu();
..\SYSTEM\usart\usart.h(123): warning:  #1295-D: Deprecated declaration imu_error_handle - give arg types
  void imu_error_handle();
..\FATFS\exfuns\fattester.c: 3 warnings, 0 errors
compiling lv_log.c...
compiling lv_gc.c...
compiling touch.c...
compiling exfuns.c...
..\SYSTEM\usart\usart.h(121): warning:  #1295-D: Deprecated declaration read_imu1 - give arg types
  void read_imu1();
..\SYSTEM\usart\usart.h(122): warning:  #1295-D: Deprecated declaration read_imu - give arg types
  void read_imu();
..\SYSTEM\usart\usart.h(123): warning:  #1295-D: Deprecated declaration imu_error_handle - give arg types
  void imu_error_handle();
..\FATFS\exfuns\exfuns.c: 3 warnings, 0 errors
compiling lv_math.c...
compiling lv_ll.c...
compiling lv_templ.c...
compiling lv_mem.c...
compiling lv_task.c...
compiling lv_txt.c...
compiling lv_utils.c...
compiling lv_arc.c...
compiling lv_btn.c...
compiling lv_bar.c...
compiling lv_cb.c...
compiling lv_canvas.c...
compiling lv_calendar.c...
compiling lv_btnm.c...
compiling lv_chart.c...
compiling lv_imgbtn.c...
compiling lv_img.c...
compiling lv_cont.c...
compiling lv_gauge.c...
compiling lv_kb.c...
compiling lv_ddlist.c...
compiling lv_led.c...
compiling lv_line.c...
compiling lv_label.c...
compiling lv_objx_templ.c...
compiling lv_lmeter.c...
compiling lv_list.c...
compiling lv_mbox.c...
compiling lv_preload.c...
compiling lv_spinbox.c...
compiling lv_roller.c...
compiling lv_slider.c...
compiling lv_sw.c...
compiling lv_page.c...
compiling lv_theme.c...
compiling lv_table.c...
compiling lv_tileview.c...
compiling lv_win.c...
compiling lv_theme_default.c...
compiling lv_tabview.c...
compiling lv_ta.c...
compiling lv_theme_alien.c...
compiling lv_theme_mono.c...
compiling lv_theme_templ.c...
compiling lv_theme_material.c...
compiling lv_theme_nemo.c...
compiling lv_theme_night.c...
compiling lv_theme_zen.c...
compiling calculate.c...
..\SYSTEM\usart\usart.h(121): warning:  #1295-D: Deprecated declaration read_imu1 - give arg types
  void read_imu1();
..\SYSTEM\usart\usart.h(122): warning:  #1295-D: Deprecated declaration read_imu - give arg types
  void read_imu();
..\SYSTEM\usart\usart.h(123): warning:  #1295-D: Deprecated declaration imu_error_handle - give arg types
  void imu_error_handle();
..\Navigation\GNSS\gnss.h(426): warning:  #1295-D: Deprecated declaration read_gnss - give arg types
  void read_gnss();
..\Navigation\IMU\imu.h(198): warning:  #1295-D: Deprecated declaration imu_reset - give arg types
  void imu_reset();
..\Navigation\CALCULATE\calculate.h(23): warning:  #1295-D: Deprecated declaration gnss_imu_cal - give arg types
  void gnss_imu_cal();
..\Navigation\CALCULATE\calculate.h(25): warning:  #1-D: last line of file ends without a newline
  #endif
..\Navigation\CALCULATE\calculate.c: 7 warnings, 0 errors
compiling gnss.c...
..\SYSTEM\usart\usart.h(121): warning:  #1295-D: Deprecated declaration read_imu1 - give arg types
  void read_imu1();
..\SYSTEM\usart\usart.h(122): warning:  #1295-D: Deprecated declaration read_imu - give arg types
  void read_imu();
..\SYSTEM\usart\usart.h(123): warning:  #1295-D: Deprecated declaration imu_error_handle - give arg types
  void imu_error_handle();
..\Navigation\GNSS\gnss.h(426): warning:  #1295-D: Deprecated declaration read_gnss - give arg types
  void read_gnss();
..\Navigation\GNSS\gnss.c(462): warning:  #1-D: last line of file ends without a newline
  }
..\Navigation\GNSS\gnss.c(87): warning:  #177-D: variable "lat1"  was declared but never referenced
  	double lat1,lon1;
..\Navigation\GNSS\gnss.c(87): warning:  #177-D: variable "lon1"  was declared but never referenced
  	double lat1,lon1;
..\Navigation\GNSS\gnss.c(88): warning:  #177-D: variable "test1"  was declared but never referenced
  	u8 test1;
..\Navigation\GNSS\gnss.c: 8 warnings, 0 errors
compiling pressure.c...
..\SYSTEM\usart\usart.h(121): warning:  #1295-D: Deprecated declaration read_imu1 - give arg types
  void read_imu1();
..\SYSTEM\usart\usart.h(122): warning:  #1295-D: Deprecated declaration read_imu - give arg types
  void read_imu();
..\SYSTEM\usart\usart.h(123): warning:  #1295-D: Deprecated declaration imu_error_handle - give arg types
  void imu_error_handle();
..\Navigation\PRESSURE\pressure.c(88): warning:  #167-D: argument of type "char *" is incompatible with parameter of type "uint8_t *"
  		HAL_UART_Transmit(&UART3_Handler,rx_buff_4g0,100,1000);
..\Navigation\PRESSURE\pressure.c(90): warning:  #1-D: last line of file ends without a newline
  }
..\Navigation\PRESSURE\pressure.c(19): warning:  #177-D: variable "height_f_flag"  was declared but never referenced
  	int height_f_flag=0;
..\Navigation\PRESSURE\pressure.c: 6 warnings, 0 errors
compiling imu.c...
..\SYSTEM\usart\usart.h(121): warning:  #1295-D: Deprecated declaration read_imu1 - give arg types
  void read_imu1();
..\SYSTEM\usart\usart.h(122): warning:  #1295-D: Deprecated declaration read_imu - give arg types
  void read_imu();
..\SYSTEM\usart\usart.h(123): warning:  #1295-D: Deprecated declaration imu_error_handle - give arg types
  void imu_error_handle();
..\Navigation\IMU\imu.h(198): warning:  #1295-D: Deprecated declaration imu_reset - give arg types
  void imu_reset();
..\Navigation\IMU\imu.c(139): warning:  #223-D: function "delay_ms" declared implicitly
  	delay_ms(500);
..\Navigation\IMU\imu.c(301): warning:  #1-D: last line of file ends without a newline
  }
..\Navigation\IMU\imu.c(50): warning:  #177-D: variable "imu_recv_flag"  was declared but never referenced
  static u8 imu_recv_flag = 0;
..\Navigation\IMU\imu.c: 7 warnings, 0 errors
compiling lv_port_disp.c...
compiling lv_port_indev.c...
compiling main_win.c...
..\SYSTEM\usart\usart.h(121): warning:  #1295-D: Deprecated declaration read_imu1 - give arg types
  void read_imu1();
..\SYSTEM\usart\usart.h(122): warning:  #1295-D: Deprecated declaration read_imu - give arg types
  void read_imu();
..\SYSTEM\usart\usart.h(123): warning:  #1295-D: Deprecated declaration imu_error_handle - give arg types
  void imu_error_handle();
..\Navigation\GNSS\gnss.h(426): warning:  #1295-D: Deprecated declaration read_gnss - give arg types
  void read_gnss();
..\Navigation\IMU\imu.h(198): warning:  #1295-D: Deprecated declaration imu_reset - give arg types
  void imu_reset();
..\GUI_APP\main_win.c(25): warning:  #1295-D: Deprecated declaration main_table_create - give arg types
  void main_table_create();
..\GUI_APP\main_win.c(26): warning:  #1295-D: Deprecated declaration sensor_table_create - give arg types
  void sensor_table_create();
..\GUI_APP\main_win.c(27): warning:  #1295-D: Deprecated declaration setting_table_create - give arg types
  void setting_table_create();
..\GUI_APP\main_win.c(13): warning:  #177-D: function "write_create"  was declared but never referenced
  static void write_create(lv_obj_t * parent);
..\GUI_APP\main_win.c(14): warning:  #177-D: function "text_area_event_handler"  was declared but never referenced
  static void text_area_event_handler(lv_obj_t * text_area, lv_event_t event);
..\GUI_APP\main_win.c(15): warning:  #177-D: function "keyboard_event_cb"  was declared but never referenced
  static void keyboard_event_cb(lv_obj_t * keyboard, lv_event_t event);
..\GUI_APP\main_win.c(17): warning:  #177-D: function "list_create"  was declared but never referenced
  static void list_create(lv_obj_t * parent);
..\GUI_APP\main_win.c(18): warning:  #177-D: function "chart_create"  was declared but never referenced
  static void chart_create(lv_obj_t * parent);
..\GUI_APP\main_win.c(19): warning:  #177-D: function "slider_event_handler"  was declared but never referenced
  static void slider_event_handler(lv_obj_t * slider, lv_event_t event);
..\GUI_APP\main_win.c(20): warning:  #177-D: function "list_btn_event_handler"  was declared but never referenced
  static void list_btn_event_handler(lv_obj_t * slider, lv_event_t event);
..\GUI_APP\main_win.c(29): warning:  #177-D: variable "chart"  was declared but never referenced
  static lv_obj_t * chart;
..\GUI_APP\main_win.c(30): warning:  #177-D: variable "ta"  was declared but never referenced
  static lv_obj_t * ta;
..\GUI_APP\main_win.c(31): warning:  #177-D: variable "kb"  was declared but never referenced
  static lv_obj_t * kb;
..\GUI_APP\main_win.c(33): warning:  #177-D: variable "style_kb"  was declared but never referenced
  static lv_style_t style_kb;
..\GUI_APP\main_win.c(34): warning:  #177-D: variable "style_kb_rel"  was declared but never referenced
  static lv_style_t style_kb_rel;
..\GUI_APP\main_win.c(35): warning:  #177-D: variable "style_kb_pr"  was declared but never referenced
  static lv_style_t style_kb_pr;
..\GUI_APP\main_win.c(39): warning:  #177-D: variable "carrier_label"  was declared but never referenced
  static lv_obj_t * carrier_label;
..\GUI_APP\main_win.c(45): warning:  #177-D: variable "gps_carrier_label"  was declared but never referenced
  static lv_obj_t * gps_carrier_label;
..\GUI_APP\main_win.c: 23 warnings, 0 errors
linking...
Program Size: Code=155502 RO-data=207602 RW-data=1104 ZI-data=33158944  
FromELF: creating hex file...
"..\OBJ\FATFS.axf" - 0 Error(s), 117 Warning(s).

<h2>Software Packages used:</h2>

Package Vendor: Keil
                http://www.keil.com/pack/Keil.STM32F7xx_DFP.2.9.0.pack
                Keil.STM32F7xx_DFP.2.9.0
                STMicroelectronics STM32F7 Series Device Support, Drivers and Examples

<h2>Collection of Component include folders:</h2>
  .\RTE\_FATFS
  C:\Keil_v5\ARM\PACK\Keil\STM32F7xx_DFP\2.9.0\Drivers\CMSIS\Device\ST\STM32F7xx\Include

<h2>Collection of Component Files used:</h2>
Build Time Elapsed:  00:00:25
</pre>
</body>
</html>
